single_move [[a]]
[1;0;2;3][0;1;2;3]
[2;1;0;3][0;1;2;3]
single_move [[a;b]]
[1;0;2;3][0;1;2;3][1;0;2;3]
[2;1;0;3][0;1;2;3][1;0;2;3]
single_move [[b;a]]
[0;1;2;3][1;0;2;3][0;1;2;3]
[1;3;2;0][1;0;2;3][0;1;2;3]
single_move [[a];[b]]
[0;1;2;3][1;0;2;3]
[1;0;2;3][0;1;2;3]
[1;3;2;0][1;0;2;3]
[2;1;0;3][0;1;2;3]
single_move [[b];[a]]
[0;1;2;3][1;0;2;3]
[1;0;2;3][0;1;2;3]
[1;3;2;0][1;0;2;3]
[2;1;0;3][0;1;2;3]
