solve_board a 3
[0;1;2;3][1;0;2;3]
solve_board b 3
[0;1;2;3][1;0;2;3][1;3;2;0]
solve_board d 4
[0;1;2;3;4;5;6;7;8][1;0;2;3;4;5;6;7;8][1;2;0;3;4;5;6;7;8]
solve_board e 4
[0;1;2;3;4;5;6;7;8][3;1;2;0;4;5;6;7;8][3;1;2;6;4;5;0;7;8][3;1;2;6;4;5;7;0;8][3;1;2;6;4;5;7;8;0]
